Test project /app
      Start  1: test_adaptive_sampler_frames
Could not find executable /app/tests/test_adaptive_sampler_frames
Looked in the following places:
/app/tests/test_adaptive_sampler_frames
/app/tests/test_adaptive_sampler_frames
/app/tests/Release/test_adaptive_sampler_frames
/app/tests/Release/test_adaptive_sampler_frames
/app/tests/Debug/test_adaptive_sampler_frames
/app/tests/Debug/test_adaptive_sampler_frames
/app/tests/MinSizeRel/test_adaptive_sampler_frames
/app/tests/MinSizeRel/test_adaptive_sampler_frames
/app/tests/RelWithDebInfo/test_adaptive_sampler_frames
/app/tests/RelWithDebInfo/test_adaptive_sampler_frames
/app/tests/Deployment/test_adaptive_sampler_frames
/app/tests/Deployment/test_adaptive_sampler_frames
/app/tests/Development/test_adaptive_sampler_frames
/app/tests/Development/test_adaptive_sampler_frames
app/tests/test_adaptive_sampler_frames
app/tests/test_adaptive_sampler_frames
app/tests/Release/test_adaptive_sampler_frames
app/tests/Release/test_adaptive_sampler_frames
app/tests/Debug/test_adaptive_sampler_frames
app/tests/Debug/test_adaptive_sampler_frames
app/tests/MinSizeRel/test_adaptive_sampler_frames
app/tests/MinSizeRel/test_adaptive_sampler_frames
app/tests/RelWithDebInfo/test_adaptive_sampler_frames
app/tests/RelWithDebInfo/test_adaptive_sampler_frames
app/tests/Deployment/test_adaptive_sampler_frames
app/tests/Deployment/test_adaptive_sampler_frames
app/tests/Development/test_adaptive_sampler_frames
app/tests/Development/test_adaptive_sampler_frames
Unable to find executable: /app/tests/test_adaptive_sampler_frames
 1/35 Test  #1: test_adaptive_sampler_frames ......***Not Run   0.00 sec
      Start  2: test_app
 2/35 Test  #2: test_app ..........................***Failed    1.01 sec
      Start  3: test_app_input
 3/35 Test  #3: test_app_input ....................***Failed    1.01 sec
      Start  4: test_app_metrics
 4/35 Test  #4: test_app_metrics ..................***Failed    1.01 sec
      Start  5: test_async_loader_perf
Could not find executable /app/tests/test_async_loader_perf
Looked in the following places:
/app/tests/test_async_loader_perf
/app/tests/test_async_loader_perf
/app/tests/Release/test_async_loader_perf
/app/tests/Release/test_async_loader_perf
/app/tests/Debug/test_async_loader_perf
/app/tests/Debug/test_async_loader_perf
/app/tests/MinSizeRel/test_async_loader_perf
/app/tests/MinSizeRel/test_async_loader_perf
/app/tests/RelWithDebInfo/test_async_loader_perf
/app/tests/RelWithDebInfo/test_async_loader_perf
/app/tests/Deployment/test_async_loader_perf
/app/tests/Deployment/test_async_loader_perf
/app/tests/Development/test_async_loader_perf
/app/tests/Development/test_async_loader_perf
app/tests/test_async_loader_perf
app/tests/test_async_loader_perf
app/tests/Release/test_async_loader_perf
app/tests/Release/test_async_loader_perf
app/tests/Debug/test_async_loader_perf
app/tests/Debug/test_async_loader_perf
app/tests/MinSizeRel/test_async_loader_perf
app/tests/MinSizeRel/test_async_loader_perf
app/tests/RelWithDebInfo/test_async_loader_perf
app/tests/RelWithDebInfo/test_async_loader_perf
app/tests/Deployment/test_async_loader_perf
app/tests/Deployment/test_async_loader_perf
app/tests/Development/test_async_loader_perf
app/tests/Development/test_async_loader_perf
Unable to find executable: /app/tests/test_async_loader_perf
 5/35 Test  #5: test_async_loader_perf ............***Not Run   0.00 sec
      Start  6: test_benchmark_adaptive_sampler
Could not find executable /app/tests/test_benchmark_adaptive_sampler
Looked in the following places:
/app/tests/test_benchmark_adaptive_sampler
/app/tests/test_benchmark_adaptive_sampler
/app/tests/Release/test_benchmark_adaptive_sampler
/app/tests/Release/test_benchmark_adaptive_sampler
/app/tests/Debug/test_benchmark_adaptive_sampler
/app/tests/Debug/test_benchmark_adaptive_sampler
/app/tests/MinSizeRel/test_benchmark_adaptive_sampler
/app/tests/MinSizeRel/test_benchmark_adaptive_sampler
/app/tests/RelWithDebInfo/test_benchmark_adaptive_sampler
/app/tests/RelWithDebInfo/test_benchmark_adaptive_sampler
/app/tests/Deployment/test_benchmark_adaptive_sampler
/app/tests/Deployment/test_benchmark_adaptive_sampler
/app/tests/Development/test_benchmark_adaptive_sampler
/app/tests/Development/test_benchmark_adaptive_sampler
app/tests/test_benchmark_adaptive_sampler
app/tests/test_benchmark_adaptive_sampler
app/tests/Release/test_benchmark_adaptive_sampler
app/tests/Release/test_benchmark_adaptive_sampler
app/tests/Debug/test_benchmark_adaptive_sampler
app/tests/Debug/test_benchmark_adaptive_sampler
app/tests/MinSizeRel/test_benchmark_adaptive_sampler
app/tests/MinSizeRel/test_benchmark_adaptive_sampler
app/tests/RelWithDebInfo/test_benchmark_adaptive_sampler
app/tests/RelWithDebInfo/test_benchmark_adaptive_sampler
app/tests/Deployment/test_benchmark_adaptive_sampler
app/tests/Deployment/test_benchmark_adaptive_sampler
app/tests/Development/test_benchmark_adaptive_sampler
app/tests/Development/test_benchmark_adaptive_sampler
Unable to find executable: /app/tests/test_benchmark_adaptive_sampler
 6/35 Test  #6: test_benchmark_adaptive_sampler ...***Not Run   0.00 sec
      Start  7: test_benchmark_bloom
 7/35 Test  #7: test_benchmark_bloom ..............   Passed    2.89 sec
      Start  8: test_benchmark_histogram
 8/35 Test  #8: test_benchmark_histogram ..........***Failed    1.01 sec
      Start  9: test_camera
Could not find executable /app/tests/test_camera
Looked in the following places:
/app/tests/test_camera
/app/tests/test_camera
/app/tests/Release/test_camera
/app/tests/Release/test_camera
/app/tests/Debug/test_camera
/app/tests/Debug/test_camera
/app/tests/MinSizeRel/test_camera
/app/tests/MinSizeRel/test_camera
/app/tests/RelWithDebInfo/test_camera
/app/tests/RelWithDebInfo/test_camera
/app/tests/Deployment/test_camera
/app/tests/Deployment/test_camera
/app/tests/Development/test_camera
/app/tests/Development/test_camera
app/tests/test_camera
app/tests/test_camera
app/tests/Release/test_camera
app/tests/Release/test_camera
app/tests/Debug/test_camera
app/tests/Debug/test_camera
app/tests/MinSizeRel/test_camera
app/tests/MinSizeRel/test_camera
app/tests/RelWithDebInfo/test_camera
app/tests/RelWithDebInfo/test_camera
app/tests/Deployment/test_camera
app/tests/Deployment/test_camera
app/tests/Development/test_camera
app/tests/Development/test_camera
Unable to find executable: /app/tests/test_camera
 9/35 Test  #9: test_camera .......................***Not Run   0.00 sec
      Start 10: test_cli
Could not find executable /app/tests/test_cli
Looked in the following places:
/app/tests/test_cli
/app/tests/test_cli
/app/tests/Release/test_cli
/app/tests/Release/test_cli
/app/tests/Debug/test_cli
/app/tests/Debug/test_cli
/app/tests/MinSizeRel/test_cli
/app/tests/MinSizeRel/test_cli
/app/tests/RelWithDebInfo/test_cli
/app/tests/RelWithDebInfo/test_cli
/app/tests/Deployment/test_cli
/app/tests/Deployment/test_cli
/app/tests/Development/test_cli
/app/tests/Development/test_cli
app/tests/test_cli
app/tests/test_cli
app/tests/Release/test_cli
app/tests/Release/test_cli
app/tests/Debug/test_cli
app/tests/Debug/test_cli
app/tests/MinSizeRel/test_cli
app/tests/MinSizeRel/test_cli
app/tests/RelWithDebInfo/test_cli
app/tests/RelWithDebInfo/test_cli
app/tests/Deployment/test_cli
app/tests/Deployment/test_cli
app/tests/Development/test_cli
app/tests/Development/test_cli
Unable to find executable: /app/tests/test_cli
10/35 Test #10: test_cli ..........................***Not Run   0.00 sec
      Start 11: test_fps
Could not find executable /app/tests/test_fps
Looked in the following places:
/app/tests/test_fps
/app/tests/test_fps
/app/tests/Release/test_fps
/app/tests/Release/test_fps
/app/tests/Debug/test_fps
/app/tests/Debug/test_fps
/app/tests/MinSizeRel/test_fps
/app/tests/MinSizeRel/test_fps
/app/tests/RelWithDebInfo/test_fps
/app/tests/RelWithDebInfo/test_fps
/app/tests/Deployment/test_fps
/app/tests/Deployment/test_fps
/app/tests/Development/test_fps
/app/tests/Development/test_fps
app/tests/test_fps
app/tests/test_fps
app/tests/Release/test_fps
app/tests/Release/test_fps
app/tests/Debug/test_fps
app/tests/Debug/test_fps
app/tests/MinSizeRel/test_fps
app/tests/MinSizeRel/test_fps
app/tests/RelWithDebInfo/test_fps
app/tests/RelWithDebInfo/test_fps
app/tests/Deployment/test_fps
app/tests/Deployment/test_fps
app/tests/Development/test_fps
app/tests/Development/test_fps
Unable to find executable: /app/tests/test_fps
11/35 Test #11: test_fps ..........................***Not Run   0.00 sec
      Start 12: test_fxaa_synthetic
12/35 Test #12: test_fxaa_synthetic ...............***Failed    1.01 sec
      Start 13: test_gpu_profiler
13/35 Test #13: test_gpu_profiler .................***Failed    1.01 sec
      Start 14: test_icosphere
Could not find executable /app/tests/test_icosphere
Looked in the following places:
/app/tests/test_icosphere
/app/tests/test_icosphere
/app/tests/Release/test_icosphere
/app/tests/Release/test_icosphere
/app/tests/Debug/test_icosphere
/app/tests/Debug/test_icosphere
/app/tests/MinSizeRel/test_icosphere
/app/tests/MinSizeRel/test_icosphere
/app/tests/RelWithDebInfo/test_icosphere
/app/tests/RelWithDebInfo/test_icosphere
/app/tests/Deployment/test_icosphere
/app/tests/Deployment/test_icosphere
/app/tests/Development/test_icosphere
/app/tests/Development/test_icosphere
app/tests/test_icosphere
app/tests/test_icosphere
app/tests/Release/test_icosphere
app/tests/Release/test_icosphere
app/tests/Debug/test_icosphere
app/tests/Debug/test_icosphere
app/tests/MinSizeRel/test_icosphere
app/tests/MinSizeRel/test_icosphere
app/tests/RelWithDebInfo/test_icosphere
app/tests/RelWithDebInfo/test_icosphere
app/tests/Deployment/test_icosphere
app/tests/Deployment/test_icosphere
app/tests/Development/test_icosphere
app/tests/Development/test_icosphere
Unable to find executable: /app/tests/test_icosphere
14/35 Test #14: test_icosphere ....................***Not Run   0.00 sec
      Start 15: test_instanced_rendering
15/35 Test #15: test_instanced_rendering ..........***Failed    1.01 sec
      Start 16: test_log
Could not find executable /app/tests/test_log
Looked in the following places:
/app/tests/test_log
/app/tests/test_log
/app/tests/Release/test_log
/app/tests/Release/test_log
/app/tests/Debug/test_log
/app/tests/Debug/test_log
/app/tests/MinSizeRel/test_log
/app/tests/MinSizeRel/test_log
/app/tests/RelWithDebInfo/test_log
/app/tests/RelWithDebInfo/test_log
/app/tests/Deployment/test_log
/app/tests/Deployment/test_log
/app/tests/Development/test_log
/app/tests/Development/test_log
app/tests/test_log
app/tests/test_log
app/tests/Release/test_log
app/tests/Release/test_log
app/tests/Debug/test_log
app/tests/Debug/test_log
app/tests/MinSizeRel/test_log
app/tests/MinSizeRel/test_log
app/tests/RelWithDebInfo/test_log
app/tests/RelWithDebInfo/test_log
app/tests/Deployment/test_log
app/tests/Deployment/test_log
app/tests/Development/test_log
app/tests/Development/test_log
Unable to find executable: /app/tests/test_log
16/35 Test #16: test_log ..........................***Not Run   0.00 sec
      Start 17: test_main
Could not find executable /app/tests/test_main
Looked in the following places:
/app/tests/test_main
/app/tests/test_main
/app/tests/Release/test_main
/app/tests/Release/test_main
/app/tests/Debug/test_main
/app/tests/Debug/test_main
/app/tests/MinSizeRel/test_main
/app/tests/MinSizeRel/test_main
/app/tests/RelWithDebInfo/test_main
/app/tests/RelWithDebInfo/test_main
/app/tests/Deployment/test_main
/app/tests/Deployment/test_main
/app/tests/Development/test_main
/app/tests/Development/test_main
app/tests/test_main
app/tests/test_main
app/tests/Release/test_main
app/tests/Release/test_main
app/tests/Debug/test_main
app/tests/Debug/test_main
app/tests/MinSizeRel/test_main
app/tests/MinSizeRel/test_main
app/tests/RelWithDebInfo/test_main
app/tests/RelWithDebInfo/test_main
app/tests/Deployment/test_main
app/tests/Deployment/test_main
app/tests/Development/test_main
app/tests/Development/test_main
Unable to find executable: /app/tests/test_main
17/35 Test #17: test_main .........................***Not Run   0.00 sec
      Start 18: test_material
18/35 Test #18: test_material .....................***Failed    1.01 sec
      Start 19: test_metric_stack
Could not find executable /app/tests/test_metric_stack
Looked in the following places:
/app/tests/test_metric_stack
/app/tests/test_metric_stack
/app/tests/Release/test_metric_stack
/app/tests/Release/test_metric_stack
/app/tests/Debug/test_metric_stack
/app/tests/Debug/test_metric_stack
/app/tests/MinSizeRel/test_metric_stack
/app/tests/MinSizeRel/test_metric_stack
/app/tests/RelWithDebInfo/test_metric_stack
/app/tests/RelWithDebInfo/test_metric_stack
/app/tests/Deployment/test_metric_stack
/app/tests/Deployment/test_metric_stack
/app/tests/Development/test_metric_stack
/app/tests/Development/test_metric_stack
app/tests/test_metric_stack
app/tests/test_metric_stack
app/tests/Release/test_metric_stack
app/tests/Release/test_metric_stack
app/tests/Debug/test_metric_stack
app/tests/Debug/test_metric_stack
app/tests/MinSizeRel/test_metric_stack
app/tests/MinSizeRel/test_metric_stack
app/tests/RelWithDebInfo/test_metric_stack
app/tests/RelWithDebInfo/test_metric_stack
app/tests/Deployment/test_metric_stack
app/tests/Deployment/test_metric_stack
app/tests/Development/test_metric_stack
app/tests/Development/test_metric_stack
Unable to find executable: /app/tests/test_metric_stack
19/35 Test #19: test_metric_stack .................***Not Run   0.00 sec
      Start 20: test_path_traversal
Could not find executable /app/tests/test_path_traversal
Looked in the following places:
/app/tests/test_path_traversal
/app/tests/test_path_traversal
/app/tests/Release/test_path_traversal
/app/tests/Release/test_path_traversal
/app/tests/Debug/test_path_traversal
/app/tests/Debug/test_path_traversal
/app/tests/MinSizeRel/test_path_traversal
/app/tests/MinSizeRel/test_path_traversal
/app/tests/RelWithDebInfo/test_path_traversal
/app/tests/RelWithDebInfo/test_path_traversal
/app/tests/Deployment/test_path_traversal
/app/tests/Deployment/test_path_traversal
/app/tests/Development/test_path_traversal
/app/tests/Development/test_path_traversal
app/tests/test_path_traversal
app/tests/test_path_traversal
app/tests/Release/test_path_traversal
app/tests/Release/test_path_traversal
app/tests/Debug/test_path_traversal
app/tests/Debug/test_path_traversal
app/tests/MinSizeRel/test_path_traversal
app/tests/MinSizeRel/test_path_traversal
app/tests/RelWithDebInfo/test_path_traversal
app/tests/RelWithDebInfo/test_path_traversal
app/tests/Deployment/test_path_traversal
app/tests/Deployment/test_path_traversal
app/tests/Development/test_path_traversal
app/tests/Development/test_path_traversal
Unable to find executable: /app/tests/test_path_traversal
20/35 Test #20: test_path_traversal ...............***Not Run   0.00 sec
      Start 21: test_pbr
21/35 Test #21: test_pbr ..........................***Failed    1.01 sec
      Start 22: test_perf_timer
Could not find executable /app/tests/test_perf_timer
Looked in the following places:
/app/tests/test_perf_timer
/app/tests/test_perf_timer
/app/tests/Release/test_perf_timer
/app/tests/Release/test_perf_timer
/app/tests/Debug/test_perf_timer
/app/tests/Debug/test_perf_timer
/app/tests/MinSizeRel/test_perf_timer
/app/tests/MinSizeRel/test_perf_timer
/app/tests/RelWithDebInfo/test_perf_timer
/app/tests/RelWithDebInfo/test_perf_timer
/app/tests/Deployment/test_perf_timer
/app/tests/Deployment/test_perf_timer
/app/tests/Development/test_perf_timer
/app/tests/Development/test_perf_timer
app/tests/test_perf_timer
app/tests/test_perf_timer
app/tests/Release/test_perf_timer
app/tests/Release/test_perf_timer
app/tests/Debug/test_perf_timer
app/tests/Debug/test_perf_timer
app/tests/MinSizeRel/test_perf_timer
app/tests/MinSizeRel/test_perf_timer
app/tests/RelWithDebInfo/test_perf_timer
app/tests/RelWithDebInfo/test_perf_timer
app/tests/Deployment/test_perf_timer
app/tests/Deployment/test_perf_timer
app/tests/Development/test_perf_timer
app/tests/Development/test_perf_timer
Unable to find executable: /app/tests/test_perf_timer
22/35 Test #22: test_perf_timer ...................***Not Run   0.00 sec
      Start 23: test_postprocess
23/35 Test #23: test_postprocess ..................***Failed    1.01 sec
      Start 24: test_render_utils
24/35 Test #24: test_render_utils .................***Failed    1.01 sec
      Start 25: test_shader
25/35 Test #25: test_shader .......................***Failed    1.01 sec
      Start 26: test_shader_api
26/35 Test #26: test_shader_api ...................***Failed    1.01 sec
      Start 27: test_shader_include_manual
Could not find executable /app/tests/test_shader_include_manual
Looked in the following places:
/app/tests/test_shader_include_manual
/app/tests/test_shader_include_manual
/app/tests/Release/test_shader_include_manual
/app/tests/Release/test_shader_include_manual
/app/tests/Debug/test_shader_include_manual
/app/tests/Debug/test_shader_include_manual
/app/tests/MinSizeRel/test_shader_include_manual
/app/tests/MinSizeRel/test_shader_include_manual
/app/tests/RelWithDebInfo/test_shader_include_manual
/app/tests/RelWithDebInfo/test_shader_include_manual
/app/tests/Deployment/test_shader_include_manual
/app/tests/Deployment/test_shader_include_manual
/app/tests/Development/test_shader_include_manual
/app/tests/Development/test_shader_include_manual
app/tests/test_shader_include_manual
app/tests/test_shader_include_manual
app/tests/Release/test_shader_include_manual
app/tests/Release/test_shader_include_manual
app/tests/Debug/test_shader_include_manual
app/tests/Debug/test_shader_include_manual
app/tests/MinSizeRel/test_shader_include_manual
app/tests/MinSizeRel/test_shader_include_manual
app/tests/RelWithDebInfo/test_shader_include_manual
app/tests/RelWithDebInfo/test_shader_include_manual
app/tests/Deployment/test_shader_include_manual
app/tests/Deployment/test_shader_include_manual
app/tests/Development/test_shader_include_manual
app/tests/Development/test_shader_include_manual
Unable to find executable: /app/tests/test_shader_include_manual
27/35 Test #27: test_shader_include_manual ........***Not Run   0.00 sec
      Start 28: test_shader_security
Could not find executable /app/tests/test_shader_security
Looked in the following places:
/app/tests/test_shader_security
/app/tests/test_shader_security
/app/tests/Release/test_shader_security
/app/tests/Release/test_shader_security
/app/tests/Debug/test_shader_security
/app/tests/Debug/test_shader_security
/app/tests/MinSizeRel/test_shader_security
/app/tests/MinSizeRel/test_shader_security
/app/tests/RelWithDebInfo/test_shader_security
/app/tests/RelWithDebInfo/test_shader_security
/app/tests/Deployment/test_shader_security
/app/tests/Deployment/test_shader_security
/app/tests/Development/test_shader_security
/app/tests/Development/test_shader_security
app/tests/test_shader_security
app/tests/test_shader_security
app/tests/Release/test_shader_security
app/tests/Release/test_shader_security
app/tests/Debug/test_shader_security
app/tests/Debug/test_shader_security
app/tests/MinSizeRel/test_shader_security
app/tests/MinSizeRel/test_shader_security
app/tests/RelWithDebInfo/test_shader_security
app/tests/RelWithDebInfo/test_shader_security
app/tests/Deployment/test_shader_security
app/tests/Deployment/test_shader_security
app/tests/Development/test_shader_security
app/tests/Development/test_shader_security
Unable to find executable: /app/tests/test_shader_security
28/35 Test #28: test_shader_security ..............***Not Run   0.00 sec
      Start 29: test_skybox
29/35 Test #29: test_skybox .......................***Failed    1.01 sec
      Start 30: test_sphere_sorting
Could not find executable /app/tests/test_sphere_sorting
Looked in the following places:
/app/tests/test_sphere_sorting
/app/tests/test_sphere_sorting
/app/tests/Release/test_sphere_sorting
/app/tests/Release/test_sphere_sorting
/app/tests/Debug/test_sphere_sorting
/app/tests/Debug/test_sphere_sorting
/app/tests/MinSizeRel/test_sphere_sorting
/app/tests/MinSizeRel/test_sphere_sorting
/app/tests/RelWithDebInfo/test_sphere_sorting
/app/tests/RelWithDebInfo/test_sphere_sorting
/app/tests/Deployment/test_sphere_sorting
/app/tests/Deployment/test_sphere_sorting
/app/tests/Development/test_sphere_sorting
/app/tests/Development/test_sphere_sorting
app/tests/test_sphere_sorting
app/tests/test_sphere_sorting
app/tests/Release/test_sphere_sorting
app/tests/Release/test_sphere_sorting
app/tests/Debug/test_sphere_sorting
app/tests/Debug/test_sphere_sorting
app/tests/MinSizeRel/test_sphere_sorting
app/tests/MinSizeRel/test_sphere_sorting
app/tests/RelWithDebInfo/test_sphere_sorting
app/tests/RelWithDebInfo/test_sphere_sorting
app/tests/Deployment/test_sphere_sorting
app/tests/Deployment/test_sphere_sorting
app/tests/Development/test_sphere_sorting
app/tests/Development/test_sphere_sorting
Unable to find executable: /app/tests/test_sphere_sorting
30/35 Test #30: test_sphere_sorting ...............***Not Run   0.00 sec
      Start 31: test_ssbo_rendering
31/35 Test #31: test_ssbo_rendering ...............***Failed    1.01 sec
      Start 32: test_stb_image_impl
Could not find executable /app/tests/test_stb_image_impl
Looked in the following places:
/app/tests/test_stb_image_impl
/app/tests/test_stb_image_impl
/app/tests/Release/test_stb_image_impl
/app/tests/Release/test_stb_image_impl
/app/tests/Debug/test_stb_image_impl
/app/tests/Debug/test_stb_image_impl
/app/tests/MinSizeRel/test_stb_image_impl
/app/tests/MinSizeRel/test_stb_image_impl
/app/tests/RelWithDebInfo/test_stb_image_impl
/app/tests/RelWithDebInfo/test_stb_image_impl
/app/tests/Deployment/test_stb_image_impl
/app/tests/Deployment/test_stb_image_impl
/app/tests/Development/test_stb_image_impl
/app/tests/Development/test_stb_image_impl
app/tests/test_stb_image_impl
app/tests/test_stb_image_impl
app/tests/Release/test_stb_image_impl
app/tests/Release/test_stb_image_impl
app/tests/Debug/test_stb_image_impl
app/tests/Debug/test_stb_image_impl
app/tests/MinSizeRel/test_stb_image_impl
app/tests/MinSizeRel/test_stb_image_impl
app/tests/RelWithDebInfo/test_stb_image_impl
app/tests/RelWithDebInfo/test_stb_image_impl
app/tests/Deployment/test_stb_image_impl
app/tests/Deployment/test_stb_image_impl
app/tests/Development/test_stb_image_impl
app/tests/Development/test_stb_image_impl
Unable to find executable: /app/tests/test_stb_image_impl
32/35 Test #32: test_stb_image_impl ...............***Not Run   0.00 sec
      Start 33: test_texture
33/35 Test #33: test_texture ......................***Failed    1.01 sec
      Start 34: test_texture_security
34/35 Test #34: test_texture_security .............***Failed    1.01 sec
      Start 35: test_ui
35/35 Test #35: test_ui ...........................***Failed    1.01 sec

3% tests passed, 34 tests failed out of 35

Total Test time (real) =  21.07 sec

The following tests FAILED:
	  1 - test_adaptive_sampler_frames (Not Run)
	  2 - test_app (Failed)
	  3 - test_app_input (Failed)
	  4 - test_app_metrics (Failed)
	  5 - test_async_loader_perf (Not Run)
	  6 - test_benchmark_adaptive_sampler (Not Run)
	  8 - test_benchmark_histogram (Failed)
	  9 - test_camera (Not Run)
	 10 - test_cli (Not Run)
	 11 - test_fps (Not Run)
	 12 - test_fxaa_synthetic (Failed)
	 13 - test_gpu_profiler (Failed)
	 14 - test_icosphere (Not Run)
	 15 - test_instanced_rendering (Failed)
	 16 - test_log (Not Run)
	 17 - test_main (Not Run)
	 18 - test_material (Failed)
	 19 - test_metric_stack (Not Run)
	 20 - test_path_traversal (Not Run)
	 21 - test_pbr (Failed)
	 22 - test_perf_timer (Not Run)
	 23 - test_postprocess (Failed)
	 24 - test_render_utils (Failed)
	 25 - test_shader (Failed)
	 26 - test_shader_api (Failed)
	 27 - test_shader_include_manual (Not Run)
	 28 - test_shader_security (Not Run)
	 29 - test_skybox (Failed)
	 30 - test_sphere_sorting (Not Run)
	 31 - test_ssbo_rendering (Failed)
	 32 - test_stb_image_impl (Not Run)
	 33 - test_texture (Failed)
	 34 - test_texture_security (Failed)
	 35 - test_ui (Failed)
Errors while running CTest
Output from these tests are in: /app/Testing/Temporary/LastTest.log
Use "--rerun-failed --output-on-failure" to re-run the failed cases verbosely.
